Archive member included because of file (symbol)

contiki-sky.a(rimeaddr.o)     obj_sky/contiki-sky-main.o (rimeaddr_copy)
contiki-sky.a(rime.o)         obj_sky/contiki-sky-main.o (rime_driver)
contiki-sky.a(announcement.o)
                              contiki-sky.a(rime.o) (announcement_init)
contiki-sky.a(broadcast-annou)
                              contiki-sky.a(rime.o) (broadcast_announcement_init)
contiki-sky.a(broadcast.o)    contiki-sky.a(broadcast-annou) (broadcast_open)
contiki-sky.a(abc.o)          contiki-sky.a(broadcast.o) (abc_open)
contiki-sky.a(chameleon.o)    contiki-sky.a(rime.o) (chameleon_init)
contiki-sky.a(channel.o)      contiki-sky.a(chameleon.o) (channel_init)
contiki-sky.a(chameleon-bitop)
                              contiki-sky.a(chameleon.o) (chameleon_bitopt)
contiki-sky.a(csma.o)         obj_sky/contiki-sky-main.o (csma_driver)
contiki-sky.a(contikimac.o)   obj_sky/contiki-sky-main.o (contikimac_driver)
contiki-sky.a(phase.o)        contiki-sky.a(contikimac.o) (phase_update)
contiki-sky.a(process.o)      obj_sky/contiki-sky-main.o (process_init)
contiki-sky.a(autostart.o)    obj_sky/contiki-sky-main.o (autostart_start)
contiki-sky.a(compower.o)     contiki-sky.a(contikimac.o) (compower_idle_activity)
contiki-sky.a(serial-line.o)  obj_sky/contiki-sky-main.o (serial_line_input_byte)
contiki-sky.a(memb.o)         contiki-sky.a(csma.o) (memb_init)
contiki-sky.a(timer.o)        obj_sky/contiki-sky-main.o (timer_set)
contiki-sky.a(list.o)         contiki-sky.a(announcement.o) (list_init)
contiki-sky.a(etimer.o)       obj_sky/contiki-sky-main.o (etimer_process)
contiki-sky.a(ctimer.o)       obj_sky/contiki-sky-main.o (ctimer_init)
contiki-sky.a(energest.o)     obj_sky/contiki-sky-main.o (energest_init)
contiki-sky.a(rtimer.o)       obj_sky/contiki-sky-main.o (rtimer_init)
contiki-sky.a(random.o)       obj_sky/contiki-sky-main.o (random_init)
contiki-sky.a(ringbuf.o)      contiki-sky.a(serial-line.o) (ringbuf_init)
contiki-sky.a(nbr-table.o)    contiki-sky.a(phase.o) (nbr_table_register)
contiki-sky.a(packetbuf.o)    contiki-sky.a(contikimac.o) (packetbuf_hdr_remove)
contiki-sky.a(queuebuf.o)     contiki-sky.a(rime.o) (queuebuf_init)
contiki-sky.a(contiki-sky-pla)
                              obj_sky/contiki-sky-main.o (init_platform)
contiki-sky.a(button-sensor.o)
                              contiki-sky.a(contiki-sky-pla) (button_sensor)
contiki-sky.a(ds2411.o)       obj_sky/contiki-sky-main.o (ds2411_init)
contiki-sky.a(xmem.o)         obj_sky/contiki-sky-main.o (xmem_init)
contiki-sky.a(node-id.o)      obj_sky/contiki-sky-main.o (node_id_restore)
contiki-sky.a(sensors.o)      contiki-sky.a(button-sensor.o) (sensors_changed)
contiki-sky.a(cc2420.o)       obj_sky/contiki-sky-main.o (cc2420_set_pan_addr)
contiki-sky.a(cc2420-arch.o)  contiki-sky.a(cc2420.o) (cc2420_arch_init)
contiki-sky.a(uart1.o)        obj_sky/contiki-sky-main.o (uart1_active)
contiki-sky.a(uart1-putchar.o)
                              obj_sky/contiki-sky-main.o (putchar)
contiki-sky.a(msp430.o)       contiki-sky.a(uart1.o) (msp430_add_lpm_req)
contiki-sky.a(clock.o)        contiki-sky.a(timer.o) (clock_time)
contiki-sky.a(leds.o)         obj_sky/contiki-sky-main.o (leds_init)
contiki-sky.a(leds-arch.o)    contiki-sky.a(leds.o) (leds_arch_init)
contiki-sky.a(watchdog.o)     obj_sky/contiki-sky-main.o (watchdog_start)
contiki-sky.a(rtimer-arch.o)  contiki-sky.a(rtimer.o) (rtimer_arch_init)
contiki-sky.a(mac.o)          contiki-sky.a(csma.o) (mac_call_sent_callback)
contiki-sky.a(framer-802154.o)
                              contiki-sky.a(contikimac.o) (framer_802154)
contiki-sky.a(spi.o)          contiki-sky.a(xmem.o) (spi_init)
contiki-sky.a(frame802154.o)  contiki-sky.a(framer-802154.o) (frame802154_hdrlen)
/usr/local/msp430/bin/../lib/gcc/msp430/4.7.0/mmpy-16/libgcc.a(_mulsi3.o)
                              contiki-sky.a(csma.o) (__mulsi3)
/usr/local/msp430/bin/../lib/gcc/msp430/4.7.0/mmpy-16/libgcc.a(_udivmod16.o)
                              contiki-sky.a(phase.o) (__umodhi3)
/usr/local/msp430/bin/../lib/gcc/msp430/4.7.0/mmpy-16/libgcc.a(_divmod16.o)
                              contiki-sky.a(nbr-table.o) (__divhi3)
/usr/local/msp430/bin/../lib/gcc/msp430/4.7.0/mmpy-16/libgcc.a(_udivmod32.o)
                              obj_sky/contiki-sky-main.o (__udivsi3)
/usr/local/msp430/bin/../lib/gcc/msp430/4.7.0/../../../../msp430/lib/mmpy-16/libc.a(printf.o)
                              obj_sky/contiki-sky-main.o (printf)
/usr/local/msp430/bin/../lib/gcc/msp430/4.7.0/../../../../msp430/lib/mmpy-16/libc.a(vuprintf.o)
                              /usr/local/msp430/bin/../lib/gcc/msp430/4.7.0/../../../../msp430/lib/mmpy-16/libc.a(printf.o) (vuprintf)
/usr/local/msp430/bin/../lib/gcc/msp430/4.7.0/../../../../msp430/lib/mmpy-16/libc.a(puts.o)
                              hello-world.co (puts)
/usr/local/msp430/bin/../lib/gcc/msp430/4.7.0/../../../../msp430/lib/mmpy-16/libc.a(rand.o)
[...]
Memory Configuration

Name             Origin             Length             Attributes
sfr              0x00000000         0x00000010
peripheral_8bit  0x00000010         0x000000f0
peripheral_16bit 0x00000100         0x00000100
ram_mirror       0x00000200         0x00000800         xw
infomem          0x00001000         0x00000100
infob            0x00001000         0x00000080
infoa            0x00001080         0x00000080
ram              0x00001100         0x00002800         xw
rom              0x00004000         0x0000bfe0         xr
vectors          0x0000ffe0         0x00000020
bsl              0x00000000         0x00000000
infoc            0x00000000         0x00000000
infod            0x00000000         0x00000000
ram2             0x00000000         0x00000000         xw
usbram           0x00000000         0x00000000         xw
far_rom          0x00000000         0x00000000
*default*        0x00000000         0xffffffff

Linker script and memory map

LOAD /usr/local/msp430/bin/../lib/gcc/msp430/4.7.0/mmpy-16/crt0ivtbl16.o
LOAD hello-world.co
LOAD obj_sky/contiki-sky-main.o
LOAD contiki-sky.a
LOAD /usr/local/msp430/bin/../lib/gcc/msp430/4.7.0/mmpy-16/libgcc.a
LOAD /usr/local/msp430/bin/../lib/gcc/msp430/4.7.0/../../../../msp430/lib/mmpy-16/libc.a
LOAD /usr/local/msp430/bin/../lib/gcc/msp430/4.7.0/mmpy-16/libgcc.a
LOAD /usr/local/msp430/bin/../lib/gcc/msp430/4.7.0/mmpy-16/libcrt0.a
                0x00000080                PROVIDE (__info_segment_size, 0x80)
                0x00001000                PROVIDE (__infob, 0x1000)
                0x00001080                PROVIDE (__infoa, 0x1080)
                0x00000000                __IE1 = 0x0
                0x00000002                __IFG1 = 0x2
                0x00000004                __ME1 = 0x4
                0x00000001                __IE2 = 0x1
                0x00000003                __IFG2 = 0x3
                0x00000005                __ME2 = 0x5
                0x00000120                __WDTCTL = 0x120
                0x00000130                __MPY = 0x130
                0x00000132                __MPYS = 0x132
                0x00000134                __MAC = 0x134
                0x00000136                __MACS = 0x136
                0x00000138                __OP2 = 0x138
                0x0000013a                __RESLO = 0x13a
                0x0000013c                __RESHI = 0x13c
                0x0000013e                __SUMEXT = 0x13e
                0x00000020                __P1IN = 0x20
                0x00000021                __P1OUT = 0x21
                0x00000022                __P1DIR = 0x22
                0x00000023                __P1IFG = 0x23
                0x00000024                __P1IES = 0x24
                0x00000025                __P1IE = 0x25
                0x00000026                __P1SEL = 0x26
                0x00000028                __P2IN = 0x28
                0x00000029                __P2OUT = 0x29
                0x0000002a                __P2DIR = 0x2a
                0x0000002b                __P2IFG = 0x2b
                0x0000002c                __P2IES = 0x2c
                0x0000002d                __P2IE = 0x2d
                0x0000002e                __P2SEL = 0x2e
                0x00000018                __P3IN = 0x18
                0x00000019                __P3OUT = 0x19
                0x0000001a                __P3DIR = 0x1a
                0x0000001b                __P3SEL = 0x1b
                0x0000001c                __P4IN = 0x1c
                0x0000001d                __P4OUT = 0x1d
                0x0000001e                __P4DIR = 0x1e
                0x0000001f                __P4SEL = 0x1f
                0x00000030                __P5IN = 0x30
                0x00000031                __P5OUT = 0x31
                0x00000032                __P5DIR = 0x32
                0x00000033                __P5SEL = 0x33
                0x00000034                __P6IN = 0x34
                0x00000035                __P6OUT = 0x35
                0x00000036                __P6DIR = 0x36
                0x00000037                __P6SEL = 0x37
                0x00000070                __U0CTL = 0x70
                0x00000071                __U0TCTL = 0x71
                0x00000072                __U0RCTL = 0x72
                0x00000073                __U0MCTL = 0x73
                0x00000074                __U0BR0 = 0x74
                0x00000075                __U0BR1 = 0x75
                0x00000076                __U0RXBUF = 0x76
                0x00000077                __U0TXBUF = 0x77
                0x00000078                __U1CTL = 0x78
                0x00000079                __U1TCTL = 0x79
                0x0000007a                __U1RCTL = 0x7a
                0x0000007b                __U1MCTL = 0x7b
                0x0000007c                __U1BR0 = 0x7c
                0x0000007d                __U1BR1 = 0x7d
                0x0000007e                __U1RXBUF = 0x7e
                0x0000007f                __U1TXBUF = 0x7f
                0x00000050                __I2CIE = 0x50
                0x00000051                __I2CIFG = 0x51
                0x00000052                __I2CNDAT = 0x52
                0x00000071                __I2CTCTL = 0x71
                0x00000072                __I2CDCTL = 0x72
                0x00000073                __I2CPSC = 0x73
                0x00000074                __I2CSCLH = 0x74
                0x00000075                __I2CSCLL = 0x75
                0x00000076                __I2CDRB = 0x76
                0x00000076                __I2CDRW = 0x76
                0x00000118                __I2COA = 0x118
                0x0000011a                __I2CSA = 0x11a
                0x0000011c                __I2CIV = 0x11c
                0x0000012e                __TAIV = 0x12e
                0x00000160                __TACTL = 0x160
                0x00000162                __TACCTL0 = 0x162
                0x00000164                __TACCTL1 = 0x164
                0x00000166                __TACCTL2 = 0x166
                0x00000170                __TAR = 0x170
                0x00000172                __TACCR0 = 0x172
                0x00000174                __TACCR1 = 0x174
                0x00000176                __TACCR2 = 0x176
                0x0000011e                __TBIV = 0x11e
                0x00000180                __TBCTL = 0x180
                0x00000182                __TBCCTL0 = 0x182
                0x00000184                __TBCCTL1 = 0x184
                0x00000186                __TBCCTL2 = 0x186
                0x00000188                __TBCCTL3 = 0x188
                0x0000018a                __TBCCTL4 = 0x18a
                0x0000018c                __TBCCTL5 = 0x18c
                0x0000018e                __TBCCTL6 = 0x18e
                0x00000190                __TBR = 0x190
                0x00000192                __TBCCR0 = 0x192
                0x00000194                __TBCCR1 = 0x194
                0x00000196                __TBCCR2 = 0x196
                0x00000198                __TBCCR3 = 0x198
                0x0000019a                __TBCCR4 = 0x19a
                0x0000019c                __TBCCR5 = 0x19c
                0x0000019e                __TBCCR6 = 0x19e
                0x00000056                __DCOCTL = 0x56
                0x00000057                __BCSCTL1 = 0x57
                0x00000058                __BCSCTL2 = 0x58
                0x00000055                __SVSCTL = 0x55
                0x00000128                __FCTL1 = 0x128
                0x0000012a                __FCTL2 = 0x12a
                0x0000012c                __FCTL3 = 0x12c
                0x00000059                __CACTL1 = 0x59
                0x0000005a                __CACTL2 = 0x5a
                0x0000005b                __CAPD = 0x5b
                0x000001a0                __ADC12CTL0 = 0x1a0
                0x000001a2                __ADC12CTL1 = 0x1a2
                0x000001a4                __ADC12IFG = 0x1a4
                0x000001a6                __ADC12IE = 0x1a6
                0x000001a8                __ADC12IV = 0x1a8
                0x00000140                __ADC12MEM0 = 0x140
                0x00000142                __ADC12MEM1 = 0x142
                0x00000144                __ADC12MEM2 = 0x144
                0x00000146                __ADC12MEM3 = 0x146
                0x00000148                __ADC12MEM4 = 0x148
                0x0000014a                __ADC12MEM5 = 0x14a
                0x0000014c                __ADC12MEM6 = 0x14c
                0x0000014e                __ADC12MEM7 = 0x14e
                0x00000150                __ADC12MEM8 = 0x150
                0x00000152                __ADC12MEM9 = 0x152
                0x00000154                __ADC12MEM10 = 0x154
                0x00000156                __ADC12MEM11 = 0x156
                0x00000158                __ADC12MEM12 = 0x158
                0x0000015a                __ADC12MEM13 = 0x15a
                0x0000015c                __ADC12MEM14 = 0x15c
                0x0000015e                __ADC12MEM15 = 0x15e
                0x00000080                __ADC12MCTL0 = 0x80
                0x00000081                __ADC12MCTL1 = 0x81
                0x00000082                __ADC12MCTL2 = 0x82
                0x00000083                __ADC12MCTL3 = 0x83
                0x00000084                __ADC12MCTL4 = 0x84
                0x00000085                __ADC12MCTL5 = 0x85
                0x00000086                __ADC12MCTL6 = 0x86
                0x00000087                __ADC12MCTL7 = 0x87
                0x00000088                __ADC12MCTL8 = 0x88
                0x00000089                __ADC12MCTL9 = 0x89
                0x0000008a                __ADC12MCTL10 = 0x8a
                0x0000008b                __ADC12MCTL11 = 0x8b
                0x0000008c                __ADC12MCTL12 = 0x8c
                0x0000008d                __ADC12MCTL13 = 0x8d
                0x0000008e                __ADC12MCTL14 = 0x8e
                0x0000008f                __ADC12MCTL15 = 0x8f
                0x000001c0                __DAC12_0CTL = 0x1c0
                0x000001c2                __DAC12_1CTL = 0x1c2
                0x000001c8                __DAC12_0DAT = 0x1c8
                0x000001ca                __DAC12_1DAT = 0x1ca
                0x00000122                __DMACTL0 = 0x122
                0x00000124                __DMACTL1 = 0x124
                0x000001e0                __DMA0CTL = 0x1e0
                0x000001e8                __DMA1CTL = 0x1e8
                0x000001f0                __DMA2CTL = 0x1f0
                0x000001e2                __DMA0SA = 0x1e2
                0x000001e4                __DMA0DA = 0x1e4
                0x000001e6                __DMA0SZ = 0x1e6
                0x000001ea                __DMA1SA = 0x1ea
                0x000001ec                __DMA1DA = 0x1ec
                0x000001ee                __DMA1SZ = 0x1ee
                0x000001f2                __DMA2SA = 0x1f2
                0x000001f4                __DMA2DA = 0x1f4
                0x000001f6                __DMA2SZ = 0x1f6

.hash
 *(.hash)

.dynsym
 *(.dynsym)

.dynstr
 *(.dynstr)

.gnu.version
 *(.gnu.version)

.gnu.version_d
 *(.gnu.version_d)

.gnu.version_r
 *(.gnu.version_r)

.rel.init
 *(.rel.init)

.rela.init
 *(.rela.init)

.rel.fini
 *(.rel.fini)

.rela.fini
 *(.rela.fini)

.rel.text
 *(.rel.text .rel.text.* .rel.gnu.linkonce.t.*)

.rela.text
 *(.rela.text .rela.text.* .rela.gnu.linkonce.t.*)

.rel.rodata
 *(.rel.rodata .rel.rodata.* .rel.gnu.linkonce.r.*)

.rela.rodata
 *(.rela.rodata .rela.rodata.* .rela.gnu.linkonce.r.*)

.rel.data
 *(.rel.data .rel.data.* .rel.gnu.linkonce.d.*)

.rela.data
 *(.rela.data .rela.data.* .rela.gnu.linkonce.d.*)

.rel.bss
 *(.rel.bss .rel.bss.* .rel.gnu.linkonce.b.*)

.rela.bss
 *(.rela.bss .rela.bss.* .rela.gnu.linkonce.b.*)

.rel.ctors
 *(.rel.ctors)

.rela.ctors
 *(.rela.ctors)

.rel.dtors
 *(.rel.dtors)

.rela.dtors
 *(.rela.dtors)

.rel.got
 *(.rel.got)

.rela.got
 *(.rela.got)

.rel.plt
 *(.rel.plt)

.rela.plt
 *(.rela.plt)

.text           0x00004000     0x50e8
                0x00004000                . = ALIGN (0x2)
 *(.init .init.*)
 *(.init0)
 .init0         0x00004000        0x0 /usr/local/msp430/bin/../lib/gcc/msp430/4.7.0/mmpy-16/libcrt0.a(_reset_vector__.o)
                0x00004000                _reset_vector__
 *(.init1)
 .init1         0x00004000        0xc /usr/local/msp430/bin/../lib/gcc/msp430/4.7.0/mmpy-16/libcrt0.a(__watchdog_support.o)
                0x00004000                __watchdog_support
 *(.init2)
 .init2         0x0000400c        0x4 /usr/local/msp430/bin/../lib/gcc/msp430/4.7.0/mmpy-16/libcrt0.a(__init_stack.o)
                0x0000400c                __init_stack
 *(.init3)
 .init3         0x00004010        0x0 /usr/local/msp430/bin/../lib/gcc/msp430/4.7.0/mmpy-16/libcrt0.a(__low_level_init.o)
                0x00004010                __low_level_init
 *(.init4)
 .init4         0x00004010       0x18 /usr/local/msp430/bin/../lib/gcc/msp430/4.7.0/mmpy-16/libcrt0.a(_copy_data.o)
                0x00004010                __do_copy_data
 .init4         0x00004028       0x16 /usr/local/msp430/bin/../lib/gcc/msp430/4.7.0/mmpy-16/libcrt0.a(_clear_bss.o)
                0x00004028                __do_clear_bss
 *(.init5)
 *(.init6)
 *(.init7)
 *(.init8)
 *(.init9)
 .init9         0x0000403e      0x2f8 obj_sky/contiki-sky-main.o
                0x0000403e                main
 *(.fini9)
 .fini9         0x00004336        0x0 /usr/local/msp430/bin/../lib/gcc/msp430/4.7.0/mmpy-16/libcrt0.a(__stop_progExec__.o)
                0x00004336                __stop_progExec__
 *(.fini8)
 *(.fini7)
 *(.fini6)
 *(.fini5)
 *(.fini4)
 *(.fini3)
 *(.fini2)
 *(.fini1)
 *(.fini0)
 .fini0         0x00004336        0x6 /usr/local/msp430/bin/../lib/gcc/msp430/4.7.0/mmpy-16/libcrt0.a(_endless_loop__.o)
                0x00004336                _endless_loop__
 *(.fini .fini.*)
                0x0000433c                . = ALIGN (0x2)
                0x0000433c                __ctors_start = .
 *(.ctors)
                0x0000433c                __ctors_end = .
                0x0000433c                __dtors_start = .
 *(.dtors)
                0x0000433c                __dtors_end = .
                0x0000433c                . = ALIGN (0x2)
 *(.text .text.* .gnu.linkonce.t.*)
 .text          0x0000433c        0x4 /usr/local/msp430/bin/../lib/gcc/msp430/4.7.0/mmpy-16/crt0ivtbl16.o
                0x0000433c                __isr_14
                0x0000433c                __isr_11
                0x0000433c                __isr_2
                0x0000433c                __isr_7
                0x0000433c                __isr_0
                0x0000433c                __isr_8
                0x0000433c                __isr_3
                0x0000433c                __isr_12
                0x0000433c                __isr_13
                0x0000433c                __isr_9
 .text.process_thread_hello_world_process
                0x00004340       0x1e hello-world.co
 .text.rimeaddr_copy
                0x0000435e        0xc contiki-sky.a(rimeaddr.o)
                0x0000435e                rimeaddr_copy
 .text.rimeaddr_cmp
                0x0000436a       0x12 contiki-sky.a(rimeaddr.o)
                0x0000436a                rimeaddr_cmp
 .text.rimeaddr_set_node_addr
                0x0000437c        0xc contiki-sky.a(rimeaddr.o)
                0x0000437c                rimeaddr_set_node_addr
 .text.input    0x00004388       0x3a contiki-sky.a(rime.o)
 .text.init     0x000043c2       0x2e contiki-sky.a(rime.o)
 .text.packet_sent
                0x000043f0       0x44 contiki-sky.a(rime.o)
 .text.rime_output
                0x00004434       0x24 contiki-sky.a(rime.o)
                0x00004434                rime_output
 .text.announcement_init
                0x00004458        0xa contiki-sky.a(announcement.o)
                0x00004458                announcement_init
 .text.announcement_register_observer_callback
                0x00004462        0x6 contiki-sky.a(announcement.o)
                0x00004462                announcement_register_observer_callback
 .text.announcement_list
                0x00004468        0xa contiki-sky.a(announcement.o)
                0x00004468                announcement_list
 .text.announcement_heard
                0x00004472       0x42 contiki-sky.a(announcement.o)
                0x00004472                announcement_heard
 .text.adv_packet_sent
                0x000044b4        0x2 contiki-sky.a(broadcast-annou)
 .text.adv_packet_received
                0x000044b6       0x64 contiki-sky.a(broadcast-annou)
 .text.set_timers
                0x0000451a       0x4a contiki-sky.a(broadcast-annou)
 .text.send_timer
                0x00004564       0x32 contiki-sky.a(broadcast-annou)
 .text.send_adv
                0x00004596       0x66 contiki-sky.a(broadcast-annou)
 .text.new_announcement
                0x000045fc       0x18 contiki-sky.a(broadcast-annou)
 .text.broadcast_announcement_init
                0x00004614       0x48 contiki-sky.a(broadcast-annou)
                0x00004614                broadcast_announcement_init
 .text.sent_by_abc
                0x0000465c       0x10 contiki-sky.a(broadcast.o)
 .text.recv_from_abc
                0x0000466c       0x26 contiki-sky.a(broadcast.o)
 .text.broadcast_open
                0x00004692       0x2a contiki-sky.a(broadcast.o)
                0x00004692                broadcast_open
 .text.broadcast_send
                0x000046bc       0x1a contiki-sky.a(broadcast.o)
                0x000046bc                broadcast_send
 .text.abc_open
                0x000046d6       0x26 contiki-sky.a(abc.o)
                0x000046d6                abc_open
 .text.abc_send
                0x000046fc        0x6 contiki-sky.a(abc.o)
                0x000046fc                abc_send
 .text.abc_input
                0x00004702        0xe contiki-sky.a(abc.o)
                0x00004702                abc_input
 .text.abc_sent
                0x00004710       0x10 contiki-sky.a(abc.o)
                0x00004710                abc_sent
 .text.chameleon_init
                0x00004720        0x6 contiki-sky.a(chameleon.o)
                0x00004720                chameleon_init
 .text.chameleon_parse
                0x00004726       0x10 contiki-sky.a(chameleon.o)
                0x00004726                chameleon_parse
 .text.chameleon_create
                0x00004736       0x1c contiki-sky.a(chameleon.o)
                0x00004736                chameleon_create
 .text.chameleon_hdrsize
                0x00004752        0x6 contiki-sky.a(chameleon.o)
                0x00004752                chameleon_hdrsize
 .text.channel_init
                0x00004758        0xa contiki-sky.a(channel.o)
                0x00004758                channel_init
 .text.channel_open
                0x00004762       0x10 contiki-sky.a(channel.o)
                0x00004762                channel_open
 .text.channel_lookup
                0x00004772       0x20 contiki-sky.a(channel.o)
                0x00004772                channel_lookup
 .text.channel_set_attributes
                0x00004792       0x24 contiki-sky.a(channel.o)
                0x00004792                channel_set_attributes
 .text.header_size
                0x000047b6       0x16 contiki-sky.a(chameleon-bitop)
 .text.get_bits_in_byte
                0x000047cc       0x3a contiki-sky.a(chameleon-bitop)
                0x000047cc                get_bits_in_byte
 .text.get_bits
                0x00004806       0xa2 contiki-sky.a(chameleon-bitop)
                0x00004806                get_bits
 .text.unpack_header
                0x000048a8       0xd2 contiki-sky.a(chameleon-bitop)
 .text.set_bits_in_byte
                0x0000497a       0x2c contiki-sky.a(chameleon-bitop)
                0x0000497a                set_bits_in_byte
 .text.set_bits
                0x000049a6       0xc8 contiki-sky.a(chameleon-bitop)
                0x000049a6                set_bits
 .text.pack_header
                0x00004a6e       0xbe contiki-sky.a(chameleon-bitop)
 .text.input_packet
                0x00004b2c        0x6 contiki-sky.a(csma.o)
 .text.on       0x00004b32        0x6 contiki-sky.a(csma.o)
 .text.off      0x00004b38        0x6 contiki-sky.a(csma.o)
 .text.channel_check_interval
                0x00004b3e       0x10 contiki-sky.a(csma.o)
 .text.transmit_packet_list
                0x00004b4e       0x24 contiki-sky.a(csma.o)
 .text.init     0x00004b72       0x1a contiki-sky.a(csma.o)
 .text.send_packet
                0x00004b8c      0x162 contiki-sky.a(csma.o)
 .text.free_packet
                0x00004cee       0x98 contiki-sky.a(csma.o)
 .text.packet_sent
                0x00004d86      0x130 contiki-sky.a(csma.o)
 .text.duty_cycle
                0x00004eb6        0x6 contiki-sky.a(contikimac.o)
 .text.init     0x00004ebc       0x2e contiki-sky.a(contikimac.o)
 .text.on       0x00004eea       0x1a contiki-sky.a(contikimac.o)
 .text.off      0x00004f04       0x22 contiki-sky.a(contikimac.o)
 .text.recv_burst_off
                0x00004f26        0xa contiki-sky.a(contikimac.o)
 .text.turn_off
                0x00004f30       0x20 contiki-sky.a(contikimac.o)
 .text.turn_on  0x00004f50       0x30 contiki-sky.a(contikimac.o)
 .text.schedule_powercycle_fixed.part.4
                0x00004f80       0x34 contiki-sky.a(contikimac.o)
 .text.powercycle_turn_radio_off
                0x00004fb4       0x30 contiki-sky.a(contikimac.o)
 .text.input_packet
                0x00004fe4      0x122 contiki-sky.a(contikimac.o)
 .text.send_packet
                0x00005106      0x2c8 contiki-sky.a(contikimac.o)
 .text.qsend_list
                0x000053ce       0x82 contiki-sky.a(contikimac.o)
 .text.qsend_packet
                0x00005450       0x28 contiki-sky.a(contikimac.o)
 .text.powercycle
                0x00005478      0x1de contiki-sky.a(contikimac.o)
 .text.send_packet
                0x00005656       0x44 contiki-sky.a(phase.o)
 .text.phase_update
                0x0000569a       0x92 contiki-sky.a(phase.o)
                0x0000569a                phase_update
 .text.phase_wait
                0x0000572c       0xf2 contiki-sky.a(phase.o)
                0x0000572c                phase_wait
 .text.phase_init
                0x0000581e       0x14 contiki-sky.a(phase.o)
                0x0000581e                phase_init
 .text.call_process
                0x00005832       0x46 contiki-sky.a(process.o)
 .text.exit_process
                0x00005878       0x96 contiki-sky.a(process.o)
 .text.do_poll  0x0000590e       0x30 contiki-sky.a(process.o)
 .text.process_alloc_event
                0x0000593e        0xe contiki-sky.a(process.o)
                0x0000593e                process_alloc_event
 .text.process_init
                0x0000594c       0x1c contiki-sky.a(process.o)
                0x0000594c                process_init
 .text.process_run
                0x00005968       0xa2 contiki-sky.a(process.o)
                0x00005968                process_run
 .text.process_nevents
                0x00005a0a        0xe contiki-sky.a(process.o)
                0x00005a0a                process_nevents
 .text.process_post
                0x00005a18       0x54 contiki-sky.a(process.o)
                0x00005a18                process_post
 .text.process_post_synch
                0x00005a6c       0x12 contiki-sky.a(process.o)
                0x00005a6c                process_post_synch
 .text.process_start
                0x00005a7e       0x36 contiki-sky.a(process.o)
                0x00005a7e                process_start
 .text.process_poll
                0x00005ab4       0x18 contiki-sky.a(process.o)
                0x00005ab4                process_poll
 .text.autostart_start
                0x00005acc       0x16 contiki-sky.a(autostart.o)
                0x00005acc                autostart_start
 .text.compower_accumulate
                0x00005ae2       0x72 contiki-sky.a(compower.o)
                0x00005ae2                compower_accumulate
 .text.compower_clear
                0x00005b54       0x12 contiki-sky.a(compower.o)
                0x00005b54                compower_clear
 .text.compower_attrconv
                0x00005b66       0x10 contiki-sky.a(compower.o)
                0x00005b66                compower_attrconv
 .text.process_thread_serial_line_process
                0x00005b76       0x9e contiki-sky.a(serial-line.o)
 .text.serial_line_input_byte
                0x00005c14       0x4a contiki-sky.a(serial-line.o)
                0x00005c14                serial_line_input_byte
 .text.serial_line_init
                0x00005c5e       0x1c contiki-sky.a(serial-line.o)
                0x00005c5e                serial_line_init
 .text.memb_init
                0x00005c7a       0x36 contiki-sky.a(memb.o)
                0x00005c7a                memb_init
 .text.memb_alloc
                0x00005cb0       0x3e contiki-sky.a(memb.o)
                0x00005cb0                memb_alloc
 .text.memb_free
                0x00005cee       0x3a contiki-sky.a(memb.o)
                0x00005cee                memb_free
 .text.memb_inmemb
                0x00005d28       0x2a contiki-sky.a(memb.o)
                0x00005d28                memb_inmemb
 .text.timer_set
                0x00005d52       0x1c contiki-sky.a(timer.o)
                0x00005d52                timer_set
 .text.timer_reset
                0x00005d6e        0xe contiki-sky.a(timer.o)
                0x00005d6e                timer_reset
 .text.timer_expired
                0x00005d7c       0x2a contiki-sky.a(timer.o)
                0x00005d7c                timer_expired
 .text.list_init
                0x00005da6        0x6 contiki-sky.a(list.o)
                0x00005da6                list_init
 .text.list_head
                0x00005dac        0x4 contiki-sky.a(list.o)
                0x00005dac                list_head
 .text.list_tail
                0x00005db0       0x12 contiki-sky.a(list.o)
                0x00005db0                list_tail
 .text.list_remove
                0x00005dc2       0x34 contiki-sky.a(list.o)
                0x00005dc2                list_remove
 .text.list_push
                0x00005df6       0x1a contiki-sky.a(list.o)
                0x00005df6                list_push
 .text.list_add
                0x00005e10       0x2a contiki-sky.a(list.o)
                0x00005e10                list_add
 .text.list_length
                0x00005e3a       0x10 contiki-sky.a(list.o)
                0x00005e3a                list_length
 .text.list_item_next
                0x00005e4a        0xc contiki-sky.a(list.o)
                0x00005e4a                list_item_next
 .text.update_time
                0x00005e56       0x78 contiki-sky.a(etimer.o)
 .text.etimer_request_poll
                0x00005ece        0xa contiki-sky.a(etimer.o)
                0x00005ece                etimer_request_poll
 .text.process_thread_etimer_process
                0x00005ed8       0xcc contiki-sky.a(etimer.o)
 .text.add_timer
                0x00005fa4       0x40 contiki-sky.a(etimer.o)
 .text.etimer_set
                0x00005fe4       0x12 contiki-sky.a(etimer.o)
                0x00005fe4                etimer_set
 .text.etimer_reset
                0x00005ff6       0x12 contiki-sky.a(etimer.o)
                0x00005ff6                etimer_reset
 .text.etimer_pending
                0x00006008        0xc contiki-sky.a(etimer.o)
                0x00006008                etimer_pending
 .text.etimer_next_expiration_time
                0x00006014       0x16 contiki-sky.a(etimer.o)
                0x00006014                etimer_next_expiration_time
 .text.etimer_stop
                0x0000602a       0x3e contiki-sky.a(etimer.o)
                0x0000602a                etimer_stop
 .text.process_thread_ctimer_process
                0x00006068       0xa8 contiki-sky.a(ctimer.o)
 .text.ctimer_init
                0x00006110       0x18 contiki-sky.a(ctimer.o)
                0x00006110                ctimer_init
 .text.ctimer_set
                0x00006128       0x5a contiki-sky.a(ctimer.o)
                0x00006128                ctimer_set
 .text.ctimer_reset
                0x00006182       0x3a contiki-sky.a(ctimer.o)
                0x00006182                ctimer_reset
 .text.ctimer_stop
                0x000061bc       0x28 contiki-sky.a(ctimer.o)
                0x000061bc                ctimer_stop
 .text.energest_init
                0x000061e4       0x26 contiki-sky.a(energest.o)
                0x000061e4                energest_init
 .text.energest_type_time
                0x0000620a       0x48 contiki-sky.a(energest.o)
                0x0000620a                energest_type_time
 .text.energest_type_set
                0x00006252        0xe contiki-sky.a(energest.o)
                0x00006252                energest_type_set
 .text.energest_flush
                0x00006260       0x48 contiki-sky.a(energest.o)
                0x00006260                energest_flush
 .text.rtimer_init
                0x000062a8        0x6 contiki-sky.a(rtimer.o)
                0x000062a8                rtimer_init
 .text.rtimer_set
                0x000062ae       0x24 contiki-sky.a(rtimer.o)
                0x000062ae                rtimer_set
 .text.rtimer_run_next
                0x000062d2       0x26 contiki-sky.a(rtimer.o)
                0x000062d2                rtimer_run_next
 .text.random_init
                0x000062f8        0x6 contiki-sky.a(random.o)
                0x000062f8                random_init
 .text.random_rand
                0x000062fe        0x6 contiki-sky.a(random.o)
                0x000062fe                random_rand
 .text.ringbuf_init
                0x00006304       0x14 contiki-sky.a(ringbuf.o)
                0x00006304                ringbuf_init
 .text.ringbuf_put
                0x00006318       0x38 contiki-sky.a(ringbuf.o)
                0x00006318                ringbuf_put
 .text.ringbuf_get
                0x00006350       0x32 contiki-sky.a(ringbuf.o)
                0x00006350                ringbuf_get
 .text.item_from_index
                0x00006382       0x2a contiki-sky.a(nbr-table.o)
 .text.index_from_key
                0x000063ac       0x12 contiki-sky.a(nbr-table.o)
 .text.index_from_item
                0x000063be       0x1e contiki-sky.a(nbr-table.o)
 .text.nbr_set_bit
                0x000063dc       0x58 contiki-sky.a(nbr-table.o)
 .text.index_from_lladdr
                0x00006434       0x42 contiki-sky.a(nbr-table.o)
 .text.nbr_get_bit.constprop.0
                0x00006476       0x2e contiki-sky.a(nbr-table.o)
 .text.nbr_table_register
                0x000064a4       0x26 contiki-sky.a(nbr-table.o)
                0x000064a4                nbr_table_register
 .text.nbr_table_add_lladdr
                0x000064ca      0x128 contiki-sky.a(nbr-table.o)
                0x000064ca                nbr_table_add_lladdr
 .text.nbr_table_get_from_lladdr
                0x000065f2       0x2c contiki-sky.a(nbr-table.o)
                0x000065f2                nbr_table_get_from_lladdr
 .text.nbr_table_remove
                0x0000661e       0x32 contiki-sky.a(nbr-table.o)
                0x0000661e                nbr_table_remove
 .text.packetbuf_copyto_hdr
                0x00006650       0x1c contiki-sky.a(packetbuf.o)
                0x00006650                packetbuf_copyto_hdr
 .text.packetbuf_copyto
                0x0000666c       0x52 contiki-sky.a(packetbuf.o)
                0x0000666c                packetbuf_copyto
 .text.packetbuf_hdr_remove
                0x000066be        0x6 contiki-sky.a(packetbuf.o)
                0x000066be                packetbuf_hdr_remove
 .text.packetbuf_hdrreduce
                0x000066c4       0x1a contiki-sky.a(packetbuf.o)
                0x000066c4                packetbuf_hdrreduce
 .text.packetbuf_set_datalen
                0x000066de        0x6 contiki-sky.a(packetbuf.o)
                0x000066de                packetbuf_set_datalen
 .text.packetbuf_dataptr
                0x000066e4        0xe contiki-sky.a(packetbuf.o)
                0x000066e4                packetbuf_dataptr
 .text.packetbuf_hdrptr
                0x000066f2        0xa contiki-sky.a(packetbuf.o)
                0x000066f2                packetbuf_hdrptr
 .text.packetbuf_is_reference
                0x000066fc        0xe contiki-sky.a(packetbuf.o)
                0x000066fc                packetbuf_is_reference
 .text.packetbuf_compact
                0x0000670a       0x48 contiki-sky.a(packetbuf.o)
                0x0000670a                packetbuf_compact
 .text.packetbuf_reference_ptr
                0x00006752        0x6 contiki-sky.a(packetbuf.o)
                0x00006752                packetbuf_reference_ptr
 .text.packetbuf_datalen
                0x00006758        0x6 contiki-sky.a(packetbuf.o)
                0x00006758                packetbuf_datalen
 .text.packetbuf_totlen
                0x0000675e       0x10 contiki-sky.a(packetbuf.o)
                0x0000675e                packetbuf_totlen
 .text.packetbuf_hdralloc
                0x0000676e       0x2e contiki-sky.a(packetbuf.o)
                0x0000676e                packetbuf_hdralloc
 .text.packetbuf_attr_clear
                0x0000679c       0x2c contiki-sky.a(packetbuf.o)
                0x0000679c                packetbuf_attr_clear
 .text.packetbuf_clear
                0x000067c8       0x1a contiki-sky.a(packetbuf.o)
                0x000067c8                packetbuf_clear
 .text.packetbuf_copyfrom
                0x000067e2       0x2e contiki-sky.a(packetbuf.o)
                0x000067e2                packetbuf_copyfrom
 .text.packetbuf_attr_copyto
                0x00006810       0x20 contiki-sky.a(packetbuf.o)
                0x00006810                packetbuf_attr_copyto
 .text.packetbuf_attr_copyfrom
                0x00006830       0x22 contiki-sky.a(packetbuf.o)
                0x00006830                packetbuf_attr_copyfrom
 .text.queuebuf_init
                0x00006852       0x1a contiki-sky.a(queuebuf.o)
                0x00006852                queuebuf_init
 .text.queuebuf_new_from_packetbuf
                0x0000686c       0x7e contiki-sky.a(queuebuf.o)
                0x0000686c                queuebuf_new_from_packetbuf
 .text.queuebuf_update_attr_from_packetbuf
                0x000068ea       0x12 contiki-sky.a(queuebuf.o)
                0x000068ea                queuebuf_update_attr_from_packetbuf
 .text.queuebuf_free
                0x000068fc       0x40 contiki-sky.a(queuebuf.o)
                0x000068fc                queuebuf_free
 .text.queuebuf_to_packetbuf
                0x0000693c       0x6e contiki-sky.a(queuebuf.o)
                0x0000693c                queuebuf_to_packetbuf
 .text.queuebuf_attr
                0x000069aa        0xe contiki-sky.a(queuebuf.o)
                0x000069aa                queuebuf_attr
 .text.init_platform
                0x000069b8        0xc contiki-sky.a(contiki-sky-pla)
                0x000069b8                init_platform
 .text.status   0x000069c4       0x18 contiki-sky.a(button-sensor.o)
 .text.value    0x000069dc       0x20 contiki-sky.a(button-sensor.o)
 .text.configure
                0x000069fc       0x4c contiki-sky.a(button-sensor.o)
 .text.irq_p2   0x00006a48       0x88 contiki-sky.a(button-sensor.o)
                0x00006a48                irq_p2
                0x00006a48                __isr_1
 .text.owreadb  0x00006ad0       0x50 contiki-sky.a(ds2411.o)
 .text.ds2411_init
                0x00006b20      0x120 contiki-sky.a(ds2411.o)
                0x00006b20                ds2411_init
 .text.wait_ready
                0x00006c40       0x4a contiki-sky.a(xmem.o)
 .text.xmem_init
                0x00006c8a       0x3c contiki-sky.a(xmem.o)
                0x00006c8a                xmem_init
 .text.xmem_pread
                0x00006cc6       0xe0 contiki-sky.a(xmem.o)
                0x00006cc6                xmem_pread
 .text.node_id_restore
                0x00006da6       0x38 contiki-sky.a(node-id.o)
                0x00006da6                node_id_restore
 .text.process_thread_sensors_process
                0x00006dde       0xc2 contiki-sky.a(sensors.o)
 .text.sensors_changed
                0x00006ea0       0x2a contiki-sky.a(sensors.o)
                0x00006ea0                sensors_changed
 .text.strobe   0x00006eca       0x1c contiki-sky.a(cc2420.o)
 .text.status   0x00006ee6       0x22 contiki-sky.a(cc2420.o)
 .text.getreg   0x00006f08       0x4c contiki-sky.a(cc2420.o)
 .text.setreg   0x00006f54       0x4c contiki-sky.a(cc2420.o)
 .text.set_txpower
                0x00006fa0       0x24 contiki-sky.a(cc2420.o)
 .text.cc2420_receiving_packet
                0x00006fc4        0xc contiki-sky.a(cc2420.o)
 .text.pending_packet
                0x00006fd0        0x8 contiki-sky.a(cc2420.o)
 .text.on       0x00006fd8       0x44 contiki-sky.a(cc2420.o)
 .text.flushrx  0x0000701c       0x6c contiki-sky.a(cc2420.o)
 .text.off      0x00007088       0x72 contiki-sky.a(cc2420.o)
 .text.RELEASE_LOCK
                0x000070fa       0x28 contiki-sky.a(cc2420.o)
 .text.cc2420_prepare
                0x00007122       0x82 contiki-sky.a(cc2420.o)
 .text.getrxdata
                0x000071a4       0x50 contiki-sky.a(cc2420.o)
 .text.cc2420_on
                0x000071f4       0x22 contiki-sky.a(cc2420.o)
                0x000071f4                cc2420_on
 .text.cc2420_off
                0x00007216       0x30 contiki-sky.a(cc2420.o)
                0x00007216                cc2420_off
 .text.cc2420_cca
                0x00007246       0x82 contiki-sky.a(cc2420.o)
 .text.cc2420_read
                0x000072c8       0xda contiki-sky.a(cc2420.o)
 .text.process_thread_cc2420_process
                0x000073a2       0x54 contiki-sky.a(cc2420.o)
 .text.cc2420_set_channel
                0x000073f6       0x80 contiki-sky.a(cc2420.o)
                0x000073f6                cc2420_set_channel
 .text.cc2420_set_pan_addr
                0x00007476      0x13e contiki-sky.a(cc2420.o)
                0x00007476                cc2420_set_pan_addr
 .text.cc2420_interrupt
                0x000075b4       0x1e contiki-sky.a(cc2420.o)
                0x000075b4                cc2420_interrupt
 .text.cc2420_get_txpower
                0x000075d2       0x1e contiki-sky.a(cc2420.o)
                0x000075d2                cc2420_get_txpower
 .text.cc2420_transmit
                0x000075f0      0x1a6 contiki-sky.a(cc2420.o)
 .text.cc2420_send
                0x00007796       0x12 contiki-sky.a(cc2420.o)
 .text.cc2420_set_cca_threshold
                0x000077a8       0x16 contiki-sky.a(cc2420.o)
                0x000077a8                cc2420_set_cca_threshold
 .text.cc2420_init
                0x000077be       0xd2 contiki-sky.a(cc2420.o)
                0x000077be                cc2420_init
 .text.cc2420_port1_interrupt
                0x00007890       0x62 contiki-sky.a(cc2420-arch.o)
                0x00007890                __isr_4
                0x00007890                cc2420_port1_interrupt
 .text.cc2420_arch_init
                0x000078f2       0x1a contiki-sky.a(cc2420-arch.o)
                0x000078f2                cc2420_arch_init
 .text.handle_rxdma_timer
                0x0000790c       0x3a contiki-sky.a(uart1.o)
 .text.uart1_active
                0x00007946       0x18 contiki-sky.a(uart1.o)
                0x00007946                uart1_active
 .text.uart1_set_input
                0x0000795e       0x20 contiki-sky.a(uart1.o)
                0x0000795e                uart1_set_input
 .text.uart1_writeb
                0x0000797e       0x18 contiki-sky.a(uart1.o)
                0x0000797e                uart1_writeb
 .text.uart1_init
                0x00007996       0xf4 contiki-sky.a(uart1.o)
                0x00007996                uart1_init
 .text.putchar  0x00007a8a       0x10 contiki-sky.a(uart1-putchar.o)
                0x00007a8a                putchar
 .text.msp430_init_dco
                0x00007a9a       0x82 contiki-sky.a(msp430.o)
                0x00007a9a                msp430_init_dco
 .text.msp430_add_lpm_req
                0x00007b1c        0xc contiki-sky.a(msp430.o)
                0x00007b1c                msp430_add_lpm_req
 .text.msp430_cpu_init
                0x00007b28       0x2a contiki-sky.a(msp430.o)
                0x00007b28                msp430_cpu_init
 .text.splhigh_
                0x00007b52        0x8 contiki-sky.a(msp430.o)
                0x00007b52                splhigh_
 .text.msp430_sync_dco
                0x00007b5a       0x6c contiki-sky.a(msp430.o)
                0x00007b5a                msp430_sync_dco
 .text.timera1  0x00007bc6       0xfe contiki-sky.a(clock.o)
                0x00007bc6                __isr_5
                0x00007bc6                timera1
 .text.clock_time
                0x00007cc4       0x1a contiki-sky.a(clock.o)
                0x00007cc4                clock_time
 .text.clock_init
                0x00007cde       0x28 contiki-sky.a(clock.o)
                0x00007cde                clock_init
 .text.clock_delay
                0x00007d06        0xc contiki-sky.a(clock.o)
                0x00007d06                clock_delay
 .text.show_leds
                0x00007d12      0x100 contiki-sky.a(leds.o)
 .text.leds_init
                0x00007e12        0xe contiki-sky.a(leds.o)
                0x00007e12                leds_init
 .text.leds_on  0x00007e20       0x14 contiki-sky.a(leds.o)
                0x00007e20                leds_on
 .text.leds_off
                0x00007e34       0x14 contiki-sky.a(leds.o)
                0x00007e34                leds_off
 .text.leds_arch_init
                0x00007e48        0xe contiki-sky.a(leds-arch.o)
                0x00007e48                leds_arch_init
 .text.leds_arch_set
                0x00007e56       0x38 contiki-sky.a(leds-arch.o)
                0x00007e56                leds_arch_set
 .text.watchdog_interrupt
                0x00007e8e        0x6 contiki-sky.a(watchdog.o)
                0x00007e8e                __isr_10
                0x00007e8e                watchdog_interrupt
 .text.watchdog_start
                0x00007e94       0x14 contiki-sky.a(watchdog.o)
                0x00007e94                watchdog_start
 .text.watchdog_periodic
                0x00007ea8       0x12 contiki-sky.a(watchdog.o)
                0x00007ea8                watchdog_periodic
 .text.watchdog_stop
                0x00007eba       0x16 contiki-sky.a(watchdog.o)
                0x00007eba                watchdog_stop
 .text.watchdog_init
                0x00007ed0       0x12 contiki-sky.a(watchdog.o)
                0x00007ed0                watchdog_init
 .text.rtimer_arch_init
                0x00007ee2        0xe contiki-sky.a(rtimer-arch.o)
                0x00007ee2                rtimer_arch_init
 .text.rtimer_arch_now
                0x00007ef0        0xe contiki-sky.a(rtimer-arch.o)
                0x00007ef0                rtimer_arch_now
 .text.timera0  0x00007efe       0x70 contiki-sky.a(rtimer-arch.o)
                0x00007efe                __isr_6
                0x00007efe                timera0
 .text.rtimer_arch_schedule
                0x00007f6e        0x6 contiki-sky.a(rtimer-arch.o)
                0x00007f6e                rtimer_arch_schedule
 .text.mac_call_sent_callback
                0x00007f74       0x14 contiki-sky.a(mac.o)
                0x00007f74                mac_call_sent_callback
 .text.create   0x00007f88      0x106 contiki-sky.a(framer-802154.o)
 .text.parse    0x0000808e       0xac contiki-sky.a(framer-802154.o)
 .text.spi_init
                0x0000813a       0x30 contiki-sky.a(spi.o)
                0x0000813a                spi_init
 .text.field_len
                0x0000816a       0x90 contiki-sky.a(frame802154.o)
 .text.frame802154_hdrlen
                0x000081fa       0x2e contiki-sky.a(frame802154.o)
                0x000081fa                frame802154_hdrlen
 .text.frame802154_create
                0x00008228      0x172 contiki-sky.a(frame802154.o)
                0x00008228                frame802154_create
 .text.frame802154_parse
                0x0000839a      0x1c4 contiki-sky.a(frame802154.o)
                0x0000839a                frame802154_parse
 .text.libgcc   0x0000855e       0x2c /usr/local/msp430/bin/../lib/gcc/msp430/4.7.0/mmpy-16/libgcc.a(_mulsi3.o)
                0x0000855e                __mulsi3
 .text.libgcc   0x0000858a       0x22 /usr/local/msp430/bin/../lib/gcc/msp430/4.7.0/mmpy-16/libgcc.a(_udivmod16.o)
                0x0000858a                __udivhi3
                0x0000858a                __ext_udivmod16
                0x000085a4                __umodhi3
 .text.libgcc   0x000085ac       0x3a /usr/local/msp430/bin/../lib/gcc/msp430/4.7.0/mmpy-16/libgcc.a(_divmod16.o)
                0x000085ac                __ext_divmod16
                0x000085ac                __divhi3
                0x000085de                __modhi3
 .text.libgcc   0x000085e6       0x40 /usr/local/msp430/bin/../lib/gcc/msp430/4.7.0/mmpy-16/libgcc.a(_udivmod32.o)
                0x000085e6                __udivsi3
                0x000085e6                __ext_udivmod32
                0x0000861c                __umodsi3
 .text.printf   0x00008626       0x10 /usr/local/msp430/bin/../lib/gcc/msp430/4.7.0/../../../../msp430/lib/mmpy-16/libc.a(printf.o)
                0x00008626                printf
 .text.print_field
                0x00008636      0x194 /usr/local/msp430/bin/../lib/gcc/msp430/4.7.0/../../../../msp430/lib/mmpy-16/libc.a(vuprintf.o)
 .text.vuprintf
                0x000087ca      0x63c /usr/local/msp430/bin/../lib/gcc/msp430/4.7.0/../../../../msp430/lib/mmpy-16/libc.a(vuprintf.o)
                0x000087ca                vuprintf
 .text.puts     0x00008e06       0x2c /usr/local/msp430/bin/../lib/gcc/msp430/4.7.0/../../../../msp430/lib/mmpy-16/libc.a(puts.o)
                0x00008e06                puts
 .text.rand     0x00008e32       0x26 /usr/local/msp430/bin/../lib/gcc/msp430/4.7.0/../../../../msp430/lib/mmpy-16/libc.a(rand.o)
                0x00008e32                rand
 .text.srand    0x00008e58        0xa /usr/local/msp430/bin/../lib/gcc/msp430/4.7.0/../../../../msp430/lib/mmpy-16/libc.a(rand.o)
                0x00008e58                srand
 .text.memcmp   0x00008e62       0x30 /usr/local/msp430/bin/../lib/gcc/msp430/4.7.0/../../../../msp430/lib/mmpy-16/libc.a(memcmp.o)
                0x00008e62                memcmp
 .text.memcpy   0x00008e92       0xfa /usr/local/msp430/bin/../lib/gcc/msp430/4.7.0/../../../../msp430/lib/mmpy-16/libc.a(memcpy.o)
                0x00008e92                memcpy
 .text.memset   0x00008f8c       0x6a /usr/local/msp430/bin/../lib/gcc/msp430/4.7.0/../../../../msp430/lib/mmpy-16/libc.a(memset.o)
                0x00008f8c                memset
 .text.libgcc   0x00008ff6       0xf0 /usr/local/msp430/bin/../lib/gcc/msp430/4.7.0/mmpy-16/libgcc.a(_udivmod64.o)
                0x00008ff6                __xabi_udivmod64
                0x00009054                __udivdi3
                0x0000907a                __umoddi3
                0x000090a8                __udivmoddi4
 .text.crt0     0x000090e6        0x2 /usr/local/msp430/bin/../lib/gcc/msp430/4.7.0/mmpy-16/libcrt0.a(_unexpected_.o)
                0x000090e6                _unexpected_
 *(.near.text .near.text.*)

.rodata         0x000090e8      0x1d5
                0x000090e8                . = ALIGN (0x2)
 *(.rodata .rodata.* .gnu.linkonce.r.*)
 .rodata        0x000090e8       0x26 hello-world.co
                0x000090f6                autostart_processes
 .rodata        0x0000910e       0xe1 obj_sky/contiki-sky-main.o
 *fill*         0x000091ef        0x1 00
 .rodata        0x000091f0        0x2 contiki-sky.a(rimeaddr.o)
                0x000091f0                rimeaddr_null
 .rodata        0x000091f2        0xc contiki-sky.a(rime.o)
                0x000091f8                rime_driver
 .rodata        0x000091fe        0x4 contiki-sky.a(broadcast-annou)
 .rodata        0x00009202        0x8 contiki-sky.a(broadcast.o)
 .rodata        0x0000920a        0x2 contiki-sky.a(abc.o)
 .rodata        0x0000920c       0x10 contiki-sky.a(chameleon-bitop)
                0x0000920c                chameleon_bitopt
 .rodata        0x0000921c       0x14 contiki-sky.a(csma.o)
                0x00009222                csma_driver
 .rodata        0x00009230       0x1c contiki-sky.a(contikimac.o)
                0x0000923c                contikimac_driver
 .rodata        0x0000924c        0xe contiki-sky.a(serial-line.o)
 .rodata        0x0000925a        0xc contiki-sky.a(etimer.o)
 .rodata        0x00009266        0xf contiki-sky.a(ctimer.o)
 *fill*         0x00009275        0x1 00
 .rodata        0x00009276       0x10 contiki-sky.a(button-sensor.o)
                0x0000927e                button_sensor
 .rodata        0x00009286        0x8 contiki-sky.a(sensors.o)
 .rodata        0x0000928e       0x22 contiki-sky.a(cc2420.o)
                0x0000928e                cc2420_driver
 .rodata        0x000092b0        0x4 contiki-sky.a(framer-802154.o)
                0x000092b0                framer_802154
 .rodata        0x000092b4        0x2 contiki-sky.a(frame802154.o)
 .rodata.vuprintf
                0x000092b6        0x7 /usr/local/msp430/bin/../lib/gcc/msp430/4.7.0/../../../../msp430/lib/mmpy-16/libc.a(vuprintf.o)
 *(.near.rodata .near.rodata.*)
                0x000092be                . = ALIGN (0x2)
                0x000092be                _etext = .

.data           0x00001100       0x8e load address 0x000092be
                0x00001100                . = ALIGN (0x2)
                0x00001100                __data_start = .
 *(.data .data.* .gnu.linkonce.d.*)
 .data          0x00001100        0xa hello-world.co
                0x00001100                hello_world_process
 .data          0x0000110a       0x18 contiki-sky.a(csma.o)
 .data          0x00001122       0x10 contiki-sky.a(phase.o)
 .data          0x00001132        0xa contiki-sky.a(serial-line.o)
                0x00001132                serial_line_process
 .data          0x0000113c        0xa contiki-sky.a(etimer.o)
                0x0000113c                etimer_process
 .data          0x00001146        0xa contiki-sky.a(ctimer.o)
                0x00001146                ctimer_process
 .data          0x00001150        0x8 contiki-sky.a(nbr-table.o)
 .data          0x00001158       0x18 contiki-sky.a(queuebuf.o)
 .data          0x00001170        0x4 contiki-sky.a(contiki-sky-pla)
                0x00001170                sensors
 .data          0x00001174        0xa contiki-sky.a(sensors.o)
                0x00001174                sensors_process
 .data          0x0000117e        0xa contiki-sky.a(cc2420.o)
                0x0000117e                cc2420_process
 .data          0x00001188        0x2 contiki-sky.a(msp430.o)
 .data.next     0x0000118a        0x4 /usr/local/msp430/bin/../lib/gcc/msp430/4.7.0/../../../../msp430/lib/mmpy-16/libc.a(rand.o)
 *(.near.data .near.data.*)
                0x0000118e                . = ALIGN (0x2)
                0x0000118e                _edata = .
                0x000092be                __data_load_start = LOADADDR (.data)
                0x0000008e                __data_size = SIZEOF (.data)

.bss            0x0000118e     0x1374 load address 0x0000934c
                0x0000118e                __bss_start = .
 *(.bss .bss.*)
 .bss           0x0000118e        0xc obj_sky/contiki-sky-main.o
 .bss           0x0000119a        0x2 contiki-sky.a(rime.o)
 .bss           0x0000119c        0x6 contiki-sky.a(announcement.o)
 .bss           0x000011a2       0x46 contiki-sky.a(broadcast-annou)
 .bss           0x000011e8        0x2 contiki-sky.a(channel.o)
 .bss           0x000011ea      0x126 contiki-sky.a(csma.o)
 .bss           0x00001310       0x74 contiki-sky.a(contikimac.o)
 .bss           0x00001384      0x148 contiki-sky.a(phase.o)
 .bss           0x000014cc       0x42 contiki-sky.a(process.o)
                0x000014cc                process_current
                0x000014ce                process_list
 .bss           0x0000150e        0x8 contiki-sky.a(compower.o)
 .bss           0x00001516      0x10a contiki-sky.a(serial-line.o)
 .bss           0x00001620        0x6 contiki-sky.a(etimer.o)
 .bss           0x00001626        0x4 contiki-sky.a(ctimer.o)
 .bss           0x0000162a        0x2 contiki-sky.a(rtimer.o)
 .bss           0x0000162c       0x4c contiki-sky.a(nbr-table.o)
 .bss           0x00001678       0xba contiki-sky.a(packetbuf.o)
 .bss           0x00001732      0xc4e contiki-sky.a(queuebuf.o)
 .bss           0x00002380        0x8 contiki-sky.a(button-sensor.o)
 .bss           0x00002388        0x2 contiki-sky.a(node-id.o)
                0x00002388                node_id
 .bss           0x0000238a        0x6 contiki-sky.a(sensors.o)
 .bss           0x00002390        0xa contiki-sky.a(cc2420.o)
 .bss           0x0000239a       0x9a contiki-sky.a(uart1.o)
 .bss           0x00002434        0xa contiki-sky.a(clock.o)
 .bss           0x0000243e        0x2 contiki-sky.a(leds.o)
 .bss           0x00002440        0x2 contiki-sky.a(watchdog.o)
 .bss           0x00002442        0x2 contiki-sky.a(framer-802154.o)
 *(.near.bss .near.bss.*)
 *(COMMON)
 COMMON         0x00002444        0x2 contiki-sky.a(rimeaddr.o)
                0x00002444                rimeaddr_node_addr
 COMMON         0x00002446        0x1 contiki-sky.a(process.o)
                0x00002446                process_maxevents
 *fill*         0x00002447        0x1 00
 COMMON         0x00002448        0x8 contiki-sky.a(compower.o)
                0x00002448                compower_idle_activity
 COMMON         0x00002450        0x1 contiki-sky.a(serial-line.o)
                0x00002450                serial_line_event_message
 *fill*         0x00002451        0x1 00
 COMMON         0x00002452       0x56 contiki-sky.a(energest.o)
                0x00002452                energest_total_time
                0x00002482                energest_total_count
                0x00002484                energest_current_mode
                0x00002490                energest_current_time
 COMMON         0x000024a8       0x38 contiki-sky.a(packetbuf.o)
                0x000024a8                packetbuf_addrs
                0x000024b0                packetbuf_attrs
 COMMON         0x000024e0        0x2 contiki-sky.a(contiki-sky-pla)
                0x000024e0                sensors_flags
 COMMON         0x000024e2        0x8 contiki-sky.a(ds2411.o)
                0x000024e2                ds2411_id
 COMMON         0x000024ea        0x1 contiki-sky.a(sensors.o)
                0x000024ea                sensors_event
 *fill*         0x000024eb        0x1 00
 COMMON         0x000024ec       0x14 contiki-sky.a(cc2420.o)
                0x000024ec                cc2420_last_rssi
                0x000024ee                cc2420_packets_read
                0x000024f0                cc2420_packets_seen
                0x000024f2                cc2420_sfd_start_time
                0x000024f4                cc2420_time_of_departure
                0x000024f6                cc2420_time_of_arrival
                0x000024f8                cc2420_last_correlation
                0x000024fa                cc2420_authority_level_of_sender
                0x000024fc                cc2420_sfd_counter
                0x000024fe                cc2420_sfd_end_time
 COMMON         0x00002500        0x2 contiki-sky.a(msp430.o)
                0x00002500                msp430_dco_required
                0x00002502                . = ALIGN (0x2)
                0x00002502                __bss_end = .
                0x00001374                __bss_size = SIZEOF (.bss)

.noinit         0x00002502        0x2 load address 0x0000934c
                0x00002502                . = ALIGN (0x2)
                0x00002502                __noinit_start = .
 *(.noinit .noinit.*)
 .noinit.crt0   0x00002502        0x2 /usr/local/msp430/bin/../lib/gcc/msp430/4.7.0/mmpy-16/libcrt0.a(__watchdog_support.o)
                0x00002502                __wdt_clear_value
                0x00002504                . = ALIGN (0x2)
                0x00002504                __noinit_end = .
                0x00002504                . = ALIGN (0x2)
                0x00002504                _end = .

.infomem        0x00001000        0x0
                0x00001000                . = ALIGN (0x2)
 *(.infomem .infomem.*)

.infomemnobits  0x00001000        0x0
                0x00001000                . = ALIGN (0x2)
 *(.infomemnobits .infomemnobits.*)

.infoa          0x00001080        0x0
                0x00001080                . = ALIGN (0x2)
 *(.infoa .infoa.*)

.infob          0x00001000        0x0
                0x00001000                . = ALIGN (0x2)
 *(.infob .infob.*)

.infoc          0x00000000        0x0
                0x00000000                . = ALIGN (0x2)
 *(.infoc .infoc.*)

.infod          0x00000000        0x0
                0x00000000                . = ALIGN (0x2)
 *(.infod .infod.*)

.vectors        0x0000ffe0       0x20
                0x0000ffe0                __vectors_start = .
 *(.vectors*)
 .vectors       0x0000ffe0       0x20 /usr/local/msp430/bin/../lib/gcc/msp430/4.7.0/mmpy-16/crt0ivtbl16.o
                0x0000ffe0                __ivtbl_16
                0x00010000                _vectors_end = .

.fartext        0x00000000        0x0
                0x00000000                . = ALIGN (0x2)
 *(.fartext .fartext.*)

.far.text       0x00000000        0x0
                0x00000000                . = ALIGN (0x2)
 *(.far.text .far.text.*)

.far.rodata     0x00000000        0x0
                0x00000000                . = ALIGN (0x2)
 *(.far.rodata .far.rodata.*)
                0x00000000                . = ALIGN (0x2)
                0x00000000                _efartext = .

.far.data       0x00000000        0x0
                0x00000000                . = ALIGN (0x2)
                0x00000000                __far_data_start = .
 *(.far.data .far.data.*)
                0x00000000                . = ALIGN (0x2)
                0x00000000                _efardata = .
                0x00000000                __far_data_load_start = LOADADDR (.far.data)
                0x00000000                __far_data_size = SIZEOF (.far.data)

.far.bss        0x00000000        0x0
                0x00000000                . = ALIGN (0x2)
                0x00000000                __far_bss_start = .
 *(.far.bss .far.bss.*)
                0x00000000                . = ALIGN (0x2)
                0x00000000                __far_bss_end = .
                0x00000000                __far_bss_size = SIZEOF (.far.bss)
                0x00000000                . = ALIGN (0x2)
                0x00000000                _far_end = .

.profiler
 *(.profiler)

.stab
 *(.stab)

.stabstr
 *(.stabstr)

.stab.excl
 *(.stab.excl)

.stab.exclstr
 *(.stab.exclstr)

.stab.index
 *(.stab.index)

.stab.indexstr
 *(.stab.indexstr)

.comment        0x00000000       0x30
 *(.comment)
 .comment       0x00000000       0x30 hello-world.co
                                 0x31 (size before relaxing)
 .comment       0x00000000       0x31 obj_sky/contiki-sky-main.o
 .comment       0x00000000       0x31 contiki-sky.a(rimeaddr.o)
 .comment       0x00000000       0x31 contiki-sky.a(rime.o)
 .comment       0x00000000       0x31 contiki-sky.a(announcement.o)
 .comment       0x00000000       0x31 contiki-sky.a(broadcast-annou)
 .comment       0x00000000       0x31 contiki-sky.a(broadcast.o)
 .comment       0x00000000       0x31 contiki-sky.a(abc.o)
 .comment       0x00000000       0x31 contiki-sky.a(chameleon.o)
 .comment       0x00000000       0x31 contiki-sky.a(channel.o)
 .comment       0x00000000       0x31 contiki-sky.a(chameleon-bitop)
 .comment       0x00000000       0x31 contiki-sky.a(csma.o)
 .comment       0x00000000       0x31 contiki-sky.a(contikimac.o)
 .comment       0x00000000       0x31 contiki-sky.a(phase.o)
 .comment       0x00000000       0x31 contiki-sky.a(process.o)
 .comment       0x00000000       0x31 contiki-sky.a(autostart.o)
 .comment       0x00000000       0x31 contiki-sky.a(compower.o)
 .comment       0x00000000       0x31 contiki-sky.a(serial-line.o)
 .comment       0x00000000       0x31 contiki-sky.a(memb.o)
 .comment       0x00000000       0x31 contiki-sky.a(timer.o)
 .comment       0x00000000       0x31 contiki-sky.a(list.o)
 .comment       0x00000000       0x31 contiki-sky.a(etimer.o)
 .comment       0x00000000       0x31 contiki-sky.a(ctimer.o)
 .comment       0x00000000       0x31 contiki-sky.a(energest.o)
 .comment       0x00000000       0x31 contiki-sky.a(rtimer.o)
 .comment       0x00000000       0x31 contiki-sky.a(random.o)
 .comment       0x00000000       0x31 contiki-sky.a(ringbuf.o)
 .comment       0x00000000       0x31 contiki-sky.a(nbr-table.o)
 .comment       0x00000000       0x31 contiki-sky.a(packetbuf.o)
 .comment       0x00000000       0x31 contiki-sky.a(queuebuf.o)
 .comment       0x00000000       0x31 contiki-sky.a(contiki-sky-pla)
 .comment       0x00000000       0x31 contiki-sky.a(button-sensor.o)
 .comment       0x00000000       0x31 contiki-sky.a(ds2411.o)
 .comment       0x00000000       0x31 contiki-sky.a(xmem.o)
 .comment       0x00000000       0x31 contiki-sky.a(node-id.o)
 .comment       0x00000000       0x31 contiki-sky.a(sensors.o)
 .comment       0x00000000       0x31 contiki-sky.a(cc2420.o)
 .comment       0x00000000       0x31 contiki-sky.a(cc2420-arch.o)
 .comment       0x00000000       0x31 contiki-sky.a(uart1.o)
 .comment       0x00000000       0x31 contiki-sky.a(uart1-putchar.o)
 .comment       0x00000000       0x31 contiki-sky.a(msp430.o)
 .comment       0x00000000       0x31 contiki-sky.a(clock.o)
 .comment       0x00000000       0x31 contiki-sky.a(leds.o)
 .comment       0x00000000       0x31 contiki-sky.a(leds-arch.o)
 .comment       0x00000000       0x31 contiki-sky.a(watchdog.o)
 .comment       0x00000000       0x31 contiki-sky.a(rtimer-arch.o)
 .comment       0x00000000       0x31 contiki-sky.a(mac.o)
 .comment       0x00000000       0x31 contiki-sky.a(framer-802154.o)
 .comment       0x00000000       0x31 contiki-sky.a(spi.o)
 .comment       0x00000000       0x31 contiki-sky.a(frame802154.o)
 .comment       0x00000000       0x31 /usr/local/msp430/bin/../lib/gcc/msp430/4.7.0/../../../../msp430/lib/mmpy-16/libc.a(printf.o)
 .comment       0x00000000       0x31 /usr/local/msp430/bin/../lib/gcc/msp430/4.7.0/../../../../msp430/lib/mmpy-16/libc.a(vuprintf.o)
 .comment       0x00000000       0x31 /usr/local/msp430/bin/../lib/gcc/msp430/4.7.0/../../../../msp430/lib/mmpy-16/libc.a(puts.o)
 .comment       0x00000000       0x31 /usr/local/msp430/bin/../lib/gcc/msp430/4.7.0/../../../../msp430/lib/mmpy-16/libc.a(rand.o)
 .comment       0x00000000       0x31 /usr/local/msp430/bin/../lib/gcc/msp430/4.7.0/../../../../msp430/lib/mmpy-16/libc.a(memcmp.o)
 .comment       0x00000000       0x31 /usr/local/msp430/bin/../lib/gcc/msp430/4.7.0/../../../../msp430/lib/mmpy-16/libc.a(memcpy.o)
 .comment       0x00000000       0x31 /usr/local/msp430/bin/../lib/gcc/msp430/4.7.0/../../../../msp430/lib/mmpy-16/libc.a(memset.o)

.debug
 *(.debug)

.line
 *(.line)

.debug_srcinfo
 *(.debug_srcinfo)

.debug_sfnames
 *(.debug_sfnames)

.debug_aranges  0x00000000      0x18c
 *(.debug_aranges)
 .debug_aranges
                0x00000000       0x14 /usr/local/msp430/bin/../lib/gcc/msp430/4.7.0/mmpy-16/crt0ivtbl16.o
 .debug_aranges
                0x00000014       0x14 /usr/local/msp430/bin/../lib/gcc/msp430/4.7.0/mmpy-16/libgcc.a(_mulsi3.o)
 .debug_aranges
                0x00000028       0x14 /usr/local/msp430/bin/../lib/gcc/msp430/4.7.0/mmpy-16/libgcc.a(_udivmod16.o)
 .debug_aranges
                0x0000003c       0x14 /usr/local/msp430/bin/../lib/gcc/msp430/4.7.0/mmpy-16/libgcc.a(_divmod16.o)
 .debug_aranges
                0x00000050       0x14 /usr/local/msp430/bin/../lib/gcc/msp430/4.7.0/mmpy-16/libgcc.a(_udivmod32.o)
 .debug_aranges
                0x00000064       0x18 /usr/local/msp430/bin/../lib/gcc/msp430/4.7.0/../../../../msp430/lib/mmpy-16/libc.a(printf.o)
 .debug_aranges
                0x0000007c       0x18 /usr/local/msp430/bin/../lib/gcc/msp430/4.7.0/../../../../msp430/lib/mmpy-16/libc.a(vuprintf.o)
 .debug_aranges
                0x00000094       0x14 /usr/local/msp430/bin/../lib/gcc/msp430/4.7.0/../../../../msp430/lib/mmpy-16/libc.a(puts.o)
 .debug_aranges
                0x000000a8       0x1c /usr/local/msp430/bin/../lib/gcc/msp430/4.7.0/../../../../msp430/lib/mmpy-16/libc.a(rand.o)
 .debug_aranges
                0x000000c4       0x14 /usr/local/msp430/bin/../lib/gcc/msp430/4.7.0/../../../../msp430/lib/mmpy-16/libc.a(memcmp.o)
 .debug_aranges
                0x000000d8       0x14 /usr/local/msp430/bin/../lib/gcc/msp430/4.7.0/../../../../msp430/lib/mmpy-16/libc.a(memcpy.o)
 .debug_aranges
                0x000000ec       0x14 /usr/local/msp430/bin/../lib/gcc/msp430/4.7.0/../../../../msp430/lib/mmpy-16/libc.a(memset.o)
 .debug_aranges
                0x00000100       0x14 /usr/local/msp430/bin/../lib/gcc/msp430/4.7.0/mmpy-16/libgcc.a(_udivmod64.o)
 .debug_aranges
                0x00000114       0x14 /usr/local/msp430/bin/../lib/gcc/msp430/4.7.0/mmpy-16/libcrt0.a(__watchdog_support.o)
 .debug_aranges
                0x00000128       0x14 /usr/local/msp430/bin/../lib/gcc/msp430/4.7.0/mmpy-16/libcrt0.a(__init_stack.o)
 .debug_aranges
                0x0000013c       0x14 /usr/local/msp430/bin/../lib/gcc/msp430/4.7.0/mmpy-16/libcrt0.a(_copy_data.o)
 .debug_aranges
                0x00000150       0x14 /usr/local/msp430/bin/../lib/gcc/msp430/4.7.0/mmpy-16/libcrt0.a(_clear_bss.o)
 .debug_aranges
                0x00000164       0x14 /usr/local/msp430/bin/../lib/gcc/msp430/4.7.0/mmpy-16/libcrt0.a(_endless_loop__.o)
 .debug_aranges
                0x00000178       0x14 /usr/local/msp430/bin/../lib/gcc/msp430/4.7.0/mmpy-16/libcrt0.a(_unexpected_.o)

.debug_pubnames
 *(.debug_pubnames)

.debug_info     0x00000000     0x138e
 *(.debug_info)
 .debug_info    0x00000000       0x9b /usr/local/msp430/bin/../lib/gcc/msp430/4.7.0/mmpy-16/crt0ivtbl16.o
 .debug_info    0x0000009b       0x98 /usr/local/msp430/bin/../lib/gcc/msp430/4.7.0/mmpy-16/libgcc.a(_mulsi3.o)
 .debug_info    0x00000133       0x98 /usr/local/msp430/bin/../lib/gcc/msp430/4.7.0/mmpy-16/libgcc.a(_udivmod16.o)
 .debug_info    0x000001cb       0x98 /usr/local/msp430/bin/../lib/gcc/msp430/4.7.0/mmpy-16/libgcc.a(_divmod16.o)
 .debug_info    0x00000263       0x98 /usr/local/msp430/bin/../lib/gcc/msp430/4.7.0/mmpy-16/libgcc.a(_udivmod32.o)
 .debug_info    0x000002fb      0x16e /usr/local/msp430/bin/../lib/gcc/msp430/4.7.0/../../../../msp430/lib/mmpy-16/libc.a(printf.o)
 .debug_info    0x00000469      0x5d4 /usr/local/msp430/bin/../lib/gcc/msp430/4.7.0/../../../../msp430/lib/mmpy-16/libc.a(vuprintf.o)
 .debug_info    0x00000a3d       0xc7 /usr/local/msp430/bin/../lib/gcc/msp430/4.7.0/../../../../msp430/lib/mmpy-16/libc.a(puts.o)
 .debug_info    0x00000b04      0x146 /usr/local/msp430/bin/../lib/gcc/msp430/4.7.0/../../../../msp430/lib/mmpy-16/libc.a(rand.o)
 .debug_info    0x00000c4a       0xe5 /usr/local/msp430/bin/../lib/gcc/msp430/4.7.0/../../../../msp430/lib/mmpy-16/libc.a(memcmp.o)
 .debug_info    0x00000d2f      0x12c /usr/local/msp430/bin/../lib/gcc/msp430/4.7.0/../../../../msp430/lib/mmpy-16/libc.a(memcpy.o)
 .debug_info    0x00000e5b      0x117 /usr/local/msp430/bin/../lib/gcc/msp430/4.7.0/../../../../msp430/lib/mmpy-16/libc.a(memset.o)
 .debug_info    0x00000f72       0x98 /usr/local/msp430/bin/../lib/gcc/msp430/4.7.0/mmpy-16/libgcc.a(_udivmod64.o)
 .debug_info    0x0000100a       0x96 /usr/local/msp430/bin/../lib/gcc/msp430/4.7.0/mmpy-16/libcrt0.a(__watchdog_support.o)
 .debug_info    0x000010a0       0x96 /usr/local/msp430/bin/../lib/gcc/msp430/4.7.0/mmpy-16/libcrt0.a(__init_stack.o)
 .debug_info    0x00001136       0x96 /usr/local/msp430/bin/../lib/gcc/msp430/4.7.0/mmpy-16/libcrt0.a(_copy_data.o)
 .debug_info    0x000011cc       0x96 /usr/local/msp430/bin/../lib/gcc/msp430/4.7.0/mmpy-16/libcrt0.a(_clear_bss.o)
 .debug_info    0x00001262       0x96 /usr/local/msp430/bin/../lib/gcc/msp430/4.7.0/mmpy-16/libcrt0.a(_endless_loop__.o)
 .debug_info    0x000012f8       0x96 /usr/local/msp430/bin/../lib/gcc/msp430/4.7.0/mmpy-16/libcrt0.a(_unexpected_.o)
 *(.gnu.linkonce.wi.*)

.debug_abbrev   0x00000000      0x7b0
 *(.debug_abbrev)
 .debug_abbrev  0x00000000       0x14 /usr/local/msp430/bin/../lib/gcc/msp430/4.7.0/mmpy-16/crt0ivtbl16.o
 .debug_abbrev  0x00000014       0x14 /usr/local/msp430/bin/../lib/gcc/msp430/4.7.0/mmpy-16/libgcc.a(_mulsi3.o)
 .debug_abbrev  0x00000028       0x14 /usr/local/msp430/bin/../lib/gcc/msp430/4.7.0/mmpy-16/libgcc.a(_udivmod16.o)
 .debug_abbrev  0x0000003c       0x14 /usr/local/msp430/bin/../lib/gcc/msp430/4.7.0/mmpy-16/libgcc.a(_divmod16.o)
 .debug_abbrev  0x00000050       0x14 /usr/local/msp430/bin/../lib/gcc/msp430/4.7.0/mmpy-16/libgcc.a(_udivmod32.o)
 .debug_abbrev  0x00000064       0xfa /usr/local/msp430/bin/../lib/gcc/msp430/4.7.0/../../../../msp430/lib/mmpy-16/libc.a(printf.o)
 .debug_abbrev  0x0000015e      0x23e /usr/local/msp430/bin/../lib/gcc/msp430/4.7.0/../../../../msp430/lib/mmpy-16/libc.a(vuprintf.o)
 .debug_abbrev  0x0000039c       0xa3 /usr/local/msp430/bin/../lib/gcc/msp430/4.7.0/../../../../msp430/lib/mmpy-16/libc.a(puts.o)
 .debug_abbrev  0x0000043f       0xfb /usr/local/msp430/bin/../lib/gcc/msp430/4.7.0/../../../../msp430/lib/mmpy-16/libc.a(rand.o)
 .debug_abbrev  0x0000053a       0x9e /usr/local/msp430/bin/../lib/gcc/msp430/4.7.0/../../../../msp430/lib/mmpy-16/libc.a(memcmp.o)
 .debug_abbrev  0x000005d8       0xab /usr/local/msp430/bin/../lib/gcc/msp430/4.7.0/../../../../msp430/lib/mmpy-16/libc.a(memcpy.o)
 .debug_abbrev  0x00000683       0xa1 /usr/local/msp430/bin/../lib/gcc/msp430/4.7.0/../../../../msp430/lib/mmpy-16/libc.a(memset.o)
 .debug_abbrev  0x00000724       0x14 /usr/local/msp430/bin/../lib/gcc/msp430/4.7.0/mmpy-16/libgcc.a(_udivmod64.o)
 .debug_abbrev  0x00000738       0x14 /usr/local/msp430/bin/../lib/gcc/msp430/4.7.0/mmpy-16/libcrt0.a(__watchdog_support.o)
 .debug_abbrev  0x0000074c       0x14 /usr/local/msp430/bin/../lib/gcc/msp430/4.7.0/mmpy-16/libcrt0.a(__init_stack.o)
 .debug_abbrev  0x00000760       0x14 /usr/local/msp430/bin/../lib/gcc/msp430/4.7.0/mmpy-16/libcrt0.a(_copy_data.o)
 .debug_abbrev  0x00000774       0x14 /usr/local/msp430/bin/../lib/gcc/msp430/4.7.0/mmpy-16/libcrt0.a(_clear_bss.o)
 .debug_abbrev  0x00000788       0x14 /usr/local/msp430/bin/../lib/gcc/msp430/4.7.0/mmpy-16/libcrt0.a(_endless_loop__.o)
 .debug_abbrev  0x0000079c       0x14 /usr/local/msp430/bin/../lib/gcc/msp430/4.7.0/mmpy-16/libcrt0.a(_unexpected_.o)

.debug_line     0x00000000      0xc76
 *(.debug_line)
 .debug_line    0x00000000       0x64 /usr/local/msp430/bin/../lib/gcc/msp430/4.7.0/mmpy-16/crt0ivtbl16.o
 .debug_line    0x00000064       0x77 /usr/local/msp430/bin/../lib/gcc/msp430/4.7.0/mmpy-16/libgcc.a(_mulsi3.o)
 .debug_line    0x000000db       0x70 /usr/local/msp430/bin/../lib/gcc/msp430/4.7.0/mmpy-16/libgcc.a(_udivmod16.o)
 .debug_line    0x0000014b       0x7b /usr/local/msp430/bin/../lib/gcc/msp430/4.7.0/mmpy-16/libgcc.a(_divmod16.o)
 .debug_line    0x000001c6       0x7f /usr/local/msp430/bin/../lib/gcc/msp430/4.7.0/mmpy-16/libgcc.a(_udivmod32.o)
 .debug_line    0x00000245       0xa9 /usr/local/msp430/bin/../lib/gcc/msp430/4.7.0/../../../../msp430/lib/mmpy-16/libc.a(printf.o)
 .debug_line    0x000002ee      0x30a /usr/local/msp430/bin/../lib/gcc/msp430/4.7.0/../../../../msp430/lib/mmpy-16/libc.a(vuprintf.o)
 .debug_line    0x000005f8       0x65 /usr/local/msp430/bin/../lib/gcc/msp430/4.7.0/../../../../msp430/lib/mmpy-16/libc.a(puts.o)
 .debug_line    0x0000065d       0x68 /usr/local/msp430/bin/../lib/gcc/msp430/4.7.0/../../../../msp430/lib/mmpy-16/libc.a(rand.o)
 .debug_line    0x000006c5       0x8f /usr/local/msp430/bin/../lib/gcc/msp430/4.7.0/../../../../msp430/lib/mmpy-16/libc.a(memcmp.o)
 .debug_line    0x00000754      0x118 /usr/local/msp430/bin/../lib/gcc/msp430/4.7.0/../../../../msp430/lib/mmpy-16/libc.a(memcpy.o)
 .debug_line    0x0000086c       0xf2 /usr/local/msp430/bin/../lib/gcc/msp430/4.7.0/../../../../msp430/lib/mmpy-16/libc.a(memset.o)
 .debug_line    0x0000095e       0xc9 /usr/local/msp430/bin/../lib/gcc/msp430/4.7.0/mmpy-16/libgcc.a(_udivmod64.o)
 .debug_line    0x00000a27       0x62 /usr/local/msp430/bin/../lib/gcc/msp430/4.7.0/mmpy-16/libcrt0.a(__watchdog_support.o)
 .debug_line    0x00000a89       0x60 /usr/local/msp430/bin/../lib/gcc/msp430/4.7.0/mmpy-16/libcrt0.a(__init_stack.o)
 .debug_line    0x00000ae9       0x66 /usr/local/msp430/bin/../lib/gcc/msp430/4.7.0/mmpy-16/libcrt0.a(_copy_data.o)
 .debug_line    0x00000b4f       0x66 /usr/local/msp430/bin/../lib/gcc/msp430/4.7.0/mmpy-16/libcrt0.a(_clear_bss.o)
 .debug_line    0x00000bb5       0x61 /usr/local/msp430/bin/../lib/gcc/msp430/4.7.0/mmpy-16/libcrt0.a(_endless_loop__.o)
 .debug_line    0x00000c16       0x60 /usr/local/msp430/bin/../lib/gcc/msp430/4.7.0/mmpy-16/libcrt0.a(_unexpected_.o)

.debug_frame    0x00000000      0x1b6
 *(.debug_frame)
 .debug_frame   0x00000000       0x2a /usr/local/msp430/bin/../lib/gcc/msp430/4.7.0/../../../../msp430/lib/mmpy-16/libc.a(printf.o)
 .debug_frame   0x0000002a       0xa0 /usr/local/msp430/bin/../lib/gcc/msp430/4.7.0/../../../../msp430/lib/mmpy-16/libc.a(vuprintf.o)
 .debug_frame   0x000000ca       0x24 /usr/local/msp430/bin/../lib/gcc/msp430/4.7.0/../../../../msp430/lib/mmpy-16/libc.a(puts.o)
 .debug_frame   0x000000ee       0x3c /usr/local/msp430/bin/../lib/gcc/msp430/4.7.0/../../../../msp430/lib/mmpy-16/libc.a(rand.o)
 .debug_frame   0x0000012a       0x28 /usr/local/msp430/bin/../lib/gcc/msp430/4.7.0/../../../../msp430/lib/mmpy-16/libc.a(memcmp.o)
 .debug_frame   0x00000152       0x32 /usr/local/msp430/bin/../lib/gcc/msp430/4.7.0/../../../../msp430/lib/mmpy-16/libc.a(memcpy.o)
 .debug_frame   0x00000184       0x32 /usr/local/msp430/bin/../lib/gcc/msp430/4.7.0/../../../../msp430/lib/mmpy-16/libc.a(memset.o)

.debug_str      0x00000000      0x3d6
 *(.debug_str)
 .debug_str     0x00000000       0xee /usr/local/msp430/bin/../lib/gcc/msp430/4.7.0/../../../../msp430/lib/mmpy-16/libc.a(printf.o)
                                0x136 (size before relaxing)
 .debug_str     0x000000ee      0x218 /usr/local/msp430/bin/../lib/gcc/msp430/4.7.0/../../../../msp430/lib/mmpy-16/libc.a(vuprintf.o)
                                0x381 (size before relaxing)
 .debug_str     0x00000306       0x1d /usr/local/msp430/bin/../lib/gcc/msp430/4.7.0/../../../../msp430/lib/mmpy-16/libc.a(puts.o)
                                 0xfb (size before relaxing)
 .debug_str     0x00000323       0x2f /usr/local/msp430/bin/../lib/gcc/msp430/4.7.0/../../../../msp430/lib/mmpy-16/libc.a(rand.o)
                                0x112 (size before relaxing)
 .debug_str     0x00000352       0x20 /usr/local/msp430/bin/../lib/gcc/msp430/4.7.0/../../../../msp430/lib/mmpy-16/libc.a(memcmp.o)
                                 0xfe (size before relaxing)
 .debug_str     0x00000372       0x3e /usr/local/msp430/bin/../lib/gcc/msp430/4.7.0/../../../../msp430/lib/mmpy-16/libc.a(memcpy.o)
                                0x12c (size before relaxing)
 .debug_str     0x000003b0       0x26 /usr/local/msp430/bin/../lib/gcc/msp430/4.7.0/../../../../msp430/lib/mmpy-16/libc.a(memset.o)
                                0x12a (size before relaxing)

.debug_loc      0x00000000      0xbcc
 *(.debug_loc)
 .debug_loc     0x00000000       0x4c /usr/local/msp430/bin/../lib/gcc/msp430/4.7.0/../../../../msp430/lib/mmpy-16/libc.a(printf.o)
 .debug_loc     0x0000004c      0x7fa /usr/local/msp430/bin/../lib/gcc/msp430/4.7.0/../../../../msp430/lib/mmpy-16/libc.a(vuprintf.o)
 .debug_loc     0x00000846       0x26 /usr/local/msp430/bin/../lib/gcc/msp430/4.7.0/../../../../msp430/lib/mmpy-16/libc.a(puts.o)
 .debug_loc     0x0000086c       0x4f /usr/local/msp430/bin/../lib/gcc/msp430/4.7.0/../../../../msp430/lib/mmpy-16/libc.a(rand.o)
 .debug_loc     0x000008bb       0x4d /usr/local/msp430/bin/../lib/gcc/msp430/4.7.0/../../../../msp430/lib/mmpy-16/libc.a(memcmp.o)
 .debug_loc     0x00000908      0x1e3 /usr/local/msp430/bin/../lib/gcc/msp430/4.7.0/../../../../msp430/lib/mmpy-16/libc.a(memcpy.o)
 .debug_loc     0x00000aeb       0xe1 /usr/local/msp430/bin/../lib/gcc/msp430/4.7.0/../../../../msp430/lib/mmpy-16/libc.a(memset.o)

.debug_macinfo
 *(.debug_macinfo)

.debug_pubtypes
 *(.debug_pubtypes)

.debug_ranges   0x00000000       0x60
 *(.debug_ranges)
 .debug_ranges  0x00000000        0xc /usr/local/msp430/bin/../lib/gcc/msp430/4.7.0/../../../../msp430/lib/mmpy-16/libc.a(printf.o)
 .debug_ranges  0x0000000c       0x24 /usr/local/msp430/bin/../lib/gcc/msp430/4.7.0/../../../../msp430/lib/mmpy-16/libc.a(vuprintf.o)
 .debug_ranges  0x00000030        0x8 /usr/local/msp430/bin/../lib/gcc/msp430/4.7.0/../../../../msp430/lib/mmpy-16/libc.a(puts.o)
 .debug_ranges  0x00000038       0x10 /usr/local/msp430/bin/../lib/gcc/msp430/4.7.0/../../../../msp430/lib/mmpy-16/libc.a(rand.o)
 .debug_ranges  0x00000048        0x8 /usr/local/msp430/bin/../lib/gcc/msp430/4.7.0/../../../../msp430/lib/mmpy-16/libc.a(memcmp.o)
 .debug_ranges  0x00000050        0x8 /usr/local/msp430/bin/../lib/gcc/msp430/4.7.0/../../../../msp430/lib/mmpy-16/libc.a(memcpy.o)
 .debug_ranges  0x00000058        0x8 /usr/local/msp430/bin/../lib/gcc/msp430/4.7.0/../../../../msp430/lib/mmpy-16/libc.a(memset.o)
                0x00003900                PROVIDE (__stack, (ORIGIN (ram) + 0x2800))
                0x000092be                __data_start_rom = _etext
                0x0000934c                __data_end_rom = (_etext + SIZEOF (.data))
OUTPUT(hello-world.sky elf32-msp430)
